stack is:
(3, (2, (1, (0, (*)))))
queue is:
(0, (1, (2, (3, (*)))))
create tree
13 =>(1 =>(4 =>(), 5 =>(8 =>())), 2 =>(), 3 =>(6 =>(), 7 =>(9 =>(), 10 =>(), 11 =>(), 12 =>(), 0 =>())))
